src/pages/RoutePage.tsx(686,1): error TS1005: ')' expected.
